127.0.0.1 - - [02/Mar/2025:08:20:54 +0530] "GET / HTTP/1.1" 404 751
0:0:0:0:0:0:0:1 - - [02/Mar/2025:08:20:55 +0530] "GET /MyFirstServletProject/show HTTP/1.1" 200 6
0:0:0:0:0:0:0:1 - - [02/Mar/2025:08:20:55 +0530] "GET /favicon.ico HTTP/1.1" 404 762
127.0.0.1 - - [02/Mar/2025:09:16:01 +0530] "GET / HTTP/1.1" 404 751
0:0:0:0:0:0:0:1 - - [02/Mar/2025:09:16:01 +0530] "GET /MyFirstServletProject/Registerationform HTTP/1.1" 405 751
127.0.0.1 - - [02/Mar/2025:09:20:28 +0530] "GET / HTTP/1.1" 404 751
0:0:0:0:0:0:0:1 - - [02/Mar/2025:09:20:28 +0530] "GET /MyFirstServletProject/Registerationform HTTP/1.1" 405 751
0:0:0:0:0:0:0:1 - - [02/Mar/2025:09:21:00 +0530] "POST /MyFirstServletProject/Registerationform HTTP/1.1" 200 -
0:0:0:0:0:0:0:1 - - [02/Mar/2025:09:21:40 +0530] "GET /MyFirstServletProject/Registerationform HTTP/1.1" 405 751
127.0.0.1 - - [02/Mar/2025:09:23:07 +0530] "GET / HTTP/1.1" 404 751
0:0:0:0:0:0:0:1 - - [02/Mar/2025:09:23:07 +0530] "GET /MyFirstServletProject/Registerationform HTTP/1.1" 200 -
127.0.0.1 - - [02/Mar/2025:09:29:01 +0530] "GET / HTTP/1.1" 404 751
0:0:0:0:0:0:0:1 - - [02/Mar/2025:09:29:02 +0530] "GET /temp10/show HTTP/1.1" 200 12
0:0:0:0:0:0:0:1 - - [02/Mar/2025:09:31:23 +0530] "GET /temp10/show HTTP/1.1" 200 12
0:0:0:0:0:0:0:1 - - [02/Mar/2025:09:31:23 +0530] "GET /favicon.ico HTTP/1.1" 404 762
127.0.0.1 - - [02/Mar/2025:17:53:22 +0530] "GET / HTTP/1.1" 404 751
0:0:0:0:0:0:0:1 - - [02/Mar/2025:17:53:23 +0530] "GET /temp10/show HTTP/1.1" 200 12
0:0:0:0:0:0:0:1 - - [02/Mar/2025:17:53:23 +0530] "GET /favicon.ico HTTP/1.1" 404 762
127.0.0.1 - - [02/Mar/2025:18:04:15 +0530] "GET / HTTP/1.1" 404 751
0:0:0:0:0:0:0:1 - - [02/Mar/2025:18:04:15 +0530] "GET /temp10/show HTTP/1.1" 500 1275
127.0.0.1 - - [02/Mar/2025:18:07:45 +0530] "GET / HTTP/1.1" 404 751
0:0:0:0:0:0:0:1 - - [02/Mar/2025:18:07:46 +0530] "GET /MyFirstServletProject/WEB-INF/classes/demoPack/DatabaseConnection.java HTTP/1.1" 404 682
0:0:0:0:0:0:0:1 - - [02/Mar/2025:18:08:21 +0530] "GET /temp10/show HTTP/1.1" 500 1275
127.0.0.1 - - [02/Mar/2025:18:09:19 +0530] "GET / HTTP/1.1" 404 751
0:0:0:0:0:0:0:1 - - [02/Mar/2025:18:09:19 +0530] "GET /MyFirstServletProject/Registerationform HTTP/1.1" 200 -
0:0:0:0:0:0:0:1 - - [02/Mar/2025:18:12:13 +0530] "GET /temp10/show HTTP/1.1" 500 1275
127.0.0.1 - - [02/Mar/2025:18:26:34 +0530] "GET / HTTP/1.1" 404 751
0:0:0:0:0:0:0:1 - - [02/Mar/2025:18:26:34 +0530] "GET /temp10/WEB-INF/classes/temp10/Gaurav.java HTTP/1.1" 404 682
0:0:0:0:0:0:0:1 - - [02/Mar/2025:18:26:34 +0530] "GET /favicon.ico HTTP/1.1" 404 762
127.0.0.1 - - [02/Mar/2025:18:28:34 +0530] "GET / HTTP/1.1" 404 751
0:0:0:0:0:0:0:1 - - [02/Mar/2025:18:28:35 +0530] "GET /temp10/WEB-INF/classes/temp10/Gaurav.java HTTP/1.1" 404 682
127.0.0.1 - - [02/Mar/2025:18:31:11 +0530] "GET / HTTP/1.1" 404 751
0:0:0:0:0:0:0:1 - - [02/Mar/2025:18:31:11 +0530] "GET /temp10/servlet/temp10.Gaurav HTTP/1.1" 404 787
127.0.0.1 - - [02/Mar/2025:18:35:24 +0530] "GET / HTTP/1.1" 404 751
0:0:0:0:0:0:0:1 - - [02/Mar/2025:18:35:24 +0530] "GET /temp10/show HTTP/1.1" 200 -
127.0.0.1 - - [02/Mar/2025:18:38:29 +0530] "GET / HTTP/1.1" 404 751
0:0:0:0:0:0:0:1 - - [02/Mar/2025:18:38:30 +0530] "GET /temp10/show HTTP/1.1" 200 -
0:0:0:0:0:0:0:1 - - [02/Mar/2025:18:39:26 +0530] "GET /temp10/show HTTP/1.1" 200 -
127.0.0.1 - - [02/Mar/2025:19:06:54 +0530] "GET / HTTP/1.1" 404 751
0:0:0:0:0:0:0:1 - - [02/Mar/2025:19:06:54 +0530] "GET /temp10/show HTTP/1.1" 302 -
0:0:0:0:0:0:0:1 - - [02/Mar/2025:19:06:54 +0530] "GET /temp10/src/main/webapp/my.html HTTP/1.1" 404 797
0:0:0:0:0:0:0:1 - - [02/Mar/2025:19:06:54 +0530] "GET /favicon.ico HTTP/1.1" 404 762
127.0.0.1 - - [02/Mar/2025:19:07:14 +0530] "GET / HTTP/1.1" 404 751
0:0:0:0:0:0:0:1 - - [02/Mar/2025:19:07:14 +0530] "GET /temp10/show HTTP/1.1" 302 -
0:0:0:0:0:0:0:1 - - [02/Mar/2025:19:07:14 +0530] "GET /my.html HTTP/1.1" 404 758
127.0.0.1 - - [02/Mar/2025:19:07:29 +0530] "GET / HTTP/1.1" 404 751
0:0:0:0:0:0:0:1 - - [02/Mar/2025:19:07:29 +0530] "GET /temp10/show HTTP/1.1" 302 -
0:0:0:0:0:0:0:1 - - [02/Mar/2025:19:07:29 +0530] "GET /temp10/my.html HTTP/1.1" 200 369
127.0.0.1 - - [02/Mar/2025:19:16:06 +0530] "GET / HTTP/1.1" 404 751
0:0:0:0:0:0:0:1 - - [02/Mar/2025:19:16:06 +0530] "GET /temp10/fetch HTTP/1.1" 500 238
127.0.0.1 - - [02/Mar/2025:19:16:48 +0530] "GET / HTTP/1.1" 404 751
0:0:0:0:0:0:0:1 - - [02/Mar/2025:19:16:49 +0530] "GET /temp10/fetch HTTP/1.1" 500 238
127.0.0.1 - - [02/Mar/2025:19:22:06 +0530] "GET / HTTP/1.1" 404 751
0:0:0:0:0:0:0:1 - - [02/Mar/2025:19:22:06 +0530] "GET /temp10/show HTTP/1.1" 302 -
0:0:0:0:0:0:0:1 - - [02/Mar/2025:19:22:07 +0530] "GET /favicon.ico HTTP/1.1" 404 762
0:0:0:0:0:0:0:1 - - [02/Mar/2025:19:22:37 +0530] "GET /temp10/show HTTP/1.1" 302 -
0:0:0:0:0:0:0:1 - - [02/Mar/2025:19:22:41 +0530] "GET /temp10/my.html HTTP/1.1" 200 430
0:0:0:0:0:0:0:1 - - [02/Mar/2025:19:23:00 +0530] "GET /temp10/my.html HTTP/1.1" 200 444
0:0:0:0:0:0:0:1 - - [02/Mar/2025:19:23:12 +0530] "GET /temp10/my.html HTTP/1.1" 200 458
127.0.0.1 - - [02/Mar/2025:19:28:04 +0530] "GET / HTTP/1.1" 404 751
0:0:0:0:0:0:0:1 - - [02/Mar/2025:19:28:04 +0530] "GET /temp10/show HTTP/1.1" 302 -
0:0:0:0:0:0:0:1 - - [02/Mar/2025:19:28:04 +0530] "GET /temp10/my.html HTTP/1.1" 304 -
127.0.0.1 - - [02/Mar/2025:19:29:21 +0530] "GET / HTTP/1.1" 404 751
0:0:0:0:0:0:0:1 - - [02/Mar/2025:19:29:21 +0530] "GET /temp10/show HTTP/1.1" 302 -
0:0:0:0:0:0:0:1 - - [02/Mar/2025:19:29:21 +0530] "GET /temp10/my.html HTTP/1.1" 304 -
127.0.0.1 - - [02/Mar/2025:19:39:43 +0530] "GET / HTTP/1.1" 404 751
0:0:0:0:0:0:0:1 - - [02/Mar/2025:19:39:43 +0530] "GET /temp10/InsertServlet HTTP/1.1" 405 751
127.0.0.1 - - [02/Mar/2025:19:43:17 +0530] "GET / HTTP/1.1" 404 751
0:0:0:0:0:0:0:1 - - [02/Mar/2025:19:43:18 +0530] "GET /temp10/InsertServlet HTTP/1.1" 200 69
127.0.0.1 - - [02/Mar/2025:19:48:43 +0530] "GET / HTTP/1.1" 404 751
0:0:0:0:0:0:0:1 - - [02/Mar/2025:19:48:43 +0530] "GET /temp10/InsertServlet HTTP/1.1" 302 -
0:0:0:0:0:0:0:1 - - [02/Mar/2025:19:48:43 +0530] "GET /temp10/index.html HTTP/1.1" 200 439
0:0:0:0:0:0:0:1 - - [02/Mar/2025:19:49:10 +0530] "POST /temp10/InsertServlet HTTP/1.1" 200 49
0:0:0:0:0:0:0:1 - - [02/Mar/2025:19:50:02 +0530] "GET /temp10/InsertServlet HTTP/1.1" 302 -
0:0:0:0:0:0:0:1 - - [02/Mar/2025:19:50:18 +0530] "POST /temp10/InsertServlet HTTP/1.1" 200 49
127.0.0.1 - - [02/Mar/2025:21:31:48 +0530] "GET / HTTP/1.1" 404 751
0:0:0:0:0:0:0:1 - - [02/Mar/2025:21:31:48 +0530] "GET /MyFirstProject/add HTTP/1.1" 405 751
0:0:0:0:0:0:0:1 - - [02/Mar/2025:21:31:49 +0530] "GET /favicon.ico HTTP/1.1" 404 762
0:0:0:0:0:0:0:1 - - [02/Mar/2025:21:32:20 +0530] "GET /MyFirstProject/add HTTP/1.1" 405 751
127.0.0.1 - - [02/Mar/2025:21:34:28 +0530] "GET / HTTP/1.1" 404 751
0:0:0:0:0:0:0:1 - - [02/Mar/2025:21:34:29 +0530] "GET /MyFirstProject/add HTTP/1.1" 405 751
0:0:0:0:0:0:0:1 - - [02/Mar/2025:21:34:29 +0530] "GET /favicon.ico HTTP/1.1" 404 762
0:0:0:0:0:0:0:1 - - [02/Mar/2025:21:35:22 +0530] "GET /MyFirstProject/add HTTP/1.1" 405 751
127.0.0.1 - - [02/Mar/2025:21:38:03 +0530] "GET / HTTP/1.1" 404 751
0:0:0:0:0:0:0:1 - - [02/Mar/2025:21:38:03 +0530] "GET /MyFirstProject/add HTTP/1.1" 500 1233
0:0:0:0:0:0:0:1 - - [02/Mar/2025:21:39:16 +0530] "GET /MyFirstProject/add HTTP/1.1" 500 1233
127.0.0.1 - - [02/Mar/2025:21:42:28 +0530] "GET / HTTP/1.1" 404 751
0:0:0:0:0:0:0:1 - - [02/Mar/2025:21:42:28 +0530] "GET /MyFirstProject/add HTTP/1.1" 500 1233
0:0:0:0:0:0:0:1 - - [02/Mar/2025:21:43:22 +0530] "GET /MyFirstProject/add HTTP/1.1" 500 1233
0:0:0:0:0:0:0:1 - - [02/Mar/2025:21:43:26 +0530] "GET /MyFirstProject/add HTTP/1.1" 500 1233
127.0.0.1 - - [02/Mar/2025:21:44:08 +0530] "GET / HTTP/1.1" 404 751
0:0:0:0:0:0:0:1 - - [02/Mar/2025:21:44:08 +0530] "GET /MyFirstProject/add HTTP/1.1" 200 10
0:0:0:0:0:0:0:1 - - [02/Mar/2025:21:44:08 +0530] "GET /favicon.ico HTTP/1.1" 404 762
127.0.0.1 - - [02/Mar/2025:21:44:34 +0530] "GET / HTTP/1.1" 404 751
0:0:0:0:0:0:0:1 - - [02/Mar/2025:21:44:34 +0530] "GET /MyFirstProject/add HTTP/1.1" 200 -
0:0:0:0:0:0:0:1 - - [02/Mar/2025:21:44:56 +0530] "GET /MyFirstProject/add HTTP/1.1" 200 -
127.0.0.1 - - [02/Mar/2025:21:56:45 +0530] "GET / HTTP/1.1" 404 751
0:0:0:0:0:0:0:1 - - [02/Mar/2025:21:56:45 +0530] "GET /myProject/add HTTP/1.1" 200 -
127.0.0.1 - - [02/Mar/2025:21:57:26 +0530] "GET / HTTP/1.1" 404 751
0:0:0:0:0:0:0:1 - - [02/Mar/2025:21:57:26 +0530] "GET /myProject/add HTTP/1.1" 405 751
127.0.0.1 - - [02/Mar/2025:22:00:35 +0530] "GET / HTTP/1.1" 404 751
0:0:0:0:0:0:0:1 - - [02/Mar/2025:22:00:36 +0530] "GET /myProject/add HTTP/1.1" 405 751
0:0:0:0:0:0:0:1 - - [02/Mar/2025:22:00:57 +0530] "POST /myProject/add HTTP/1.1" 500 1267
0:0:0:0:0:0:0:1 - - [02/Mar/2025:22:02:36 +0530] "GET /myProject/add HTTP/1.1" 405 751
0:0:0:0:0:0:0:1 - - [02/Mar/2025:22:02:41 +0530] "POST /myProject/add HTTP/1.1" 500 1267
0:0:0:0:0:0:0:1 - - [02/Mar/2025:22:02:43 +0530] "POST /myProject/add HTTP/1.1" 500 1267
0:0:0:0:0:0:0:1 - - [02/Mar/2025:22:02:52 +0530] "GET /myProject/NewFile.html HTTP/1.1" 200 259
0:0:0:0:0:0:0:1 - - [02/Mar/2025:22:03:25 +0530] "GET /myProject/add HTTP/1.1" 405 751
0:0:0:0:0:0:0:1 - - [02/Mar/2025:22:03:25 +0530] "GET /favicon.ico HTTP/1.1" 404 762
0:0:0:0:0:0:0:1 - - [02/Mar/2025:22:03:27 +0530] "GET /myProject/add HTTP/1.1" 405 751
0:0:0:0:0:0:0:1 - - [02/Mar/2025:22:03:28 +0530] "GET /myProject/add HTTP/1.1" 405 751
0:0:0:0:0:0:0:1 - - [02/Mar/2025:22:03:29 +0530] "GET /myProject/add HTTP/1.1" 405 751
0:0:0:0:0:0:0:1 - - [02/Mar/2025:22:03:35 +0530] "GET /myProject/add HTTP/1.1" 405 751
0:0:0:0:0:0:0:1 - - [02/Mar/2025:22:03:49 +0530] "POST /myProject/add HTTP/1.1" 500 1267
0:0:0:0:0:0:0:1 - - [02/Mar/2025:22:04:07 +0530] "GET /myProject/add HTTP/1.1" 405 751
0:0:0:0:0:0:0:1 - - [02/Mar/2025:22:04:08 +0530] "GET /myProject/add HTTP/1.1" 405 751
0:0:0:0:0:0:0:1 - - [02/Mar/2025:22:04:18 +0530] "GET /myProject/NewFile.html HTTP/1.1" 200 259
0:0:0:0:0:0:0:1 - - [02/Mar/2025:22:04:18 +0530] "GET /favicon.ico HTTP/1.1" 404 762
0:0:0:0:0:0:0:1 - - [02/Mar/2025:22:04:35 +0530] "POST /myProject/add HTTP/1.1" 200 -
0:0:0:0:0:0:0:1 - - [02/Mar/2025:22:05:33 +0530] "POST /myProject/add HTTP/1.1" 200 12
0:0:0:0:0:0:0:1 - - [02/Mar/2025:22:05:48 +0530] "POST /myProject/add HTTP/1.1" 200 12
0:0:0:0:0:0:0:1 - - [02/Mar/2025:22:06:14 +0530] "GET /myProject/NewFile.html HTTP/1.1" 200 267
127.0.0.1 - - [02/Mar/2025:22:14:41 +0530] "GET / HTTP/1.1" 404 751
0:0:0:0:0:0:0:1 - - [02/Mar/2025:22:14:41 +0530] "GET /myProject/add HTTP/1.1" 405 751
0:0:0:0:0:0:0:1 - - [02/Mar/2025:22:14:48 +0530] "GET /myProject/NewFile.html HTTP/1.1" 200 451
0:0:0:0:0:0:0:1 - - [02/Mar/2025:22:16:01 +0530] "POST /myProject/show HTTP/1.1" 404 769
127.0.0.1 - - [02/Mar/2025:22:17:14 +0530] "GET / HTTP/1.1" 404 751
0:0:0:0:0:0:0:1 - - [02/Mar/2025:22:17:14 +0530] "GET /myProject/add HTTP/1.1" 405 751
0:0:0:0:0:0:0:1 - - [02/Mar/2025:22:17:16 +0530] "GET /myProject/add HTTP/1.1" 405 751
0:0:0:0:0:0:0:1 - - [02/Mar/2025:22:17:21 +0530] "POST /myProject/show HTTP/1.1" 404 769
127.0.0.1 - - [02/Mar/2025:22:18:17 +0530] "GET / HTTP/1.1" 404 751
0:0:0:0:0:0:0:1 - - [02/Mar/2025:22:18:18 +0530] "GET /myProject/show HTTP/1.1" 405 751
0:0:0:0:0:0:0:1 - - [02/Mar/2025:22:18:22 +0530] "GET /myProject/show HTTP/1.1" 405 751
127.0.0.1 - - [02/Mar/2025:22:18:44 +0530] "GET / HTTP/1.1" 404 751
0:0:0:0:0:0:0:1 - - [02/Mar/2025:22:18:45 +0530] "GET /myProject/show HTTP/1.1" 405 751
0:0:0:0:0:0:0:1 - - [02/Mar/2025:22:18:45 +0530] "GET /favicon.ico HTTP/1.1" 404 762
0:0:0:0:0:0:0:1 - - [02/Mar/2025:22:18:49 +0530] "GET /myProject/show HTTP/1.1" 405 751
0:0:0:0:0:0:0:1 - - [02/Mar/2025:22:19:08 +0530] "POST /myProject/show HTTP/1.1" 500 1267
0:0:0:0:0:0:0:1 - - [02/Mar/2025:22:21:02 +0530] "GET /myProject/show HTTP/1.1" 405 751
0:0:0:0:0:0:0:1 - - [02/Mar/2025:22:21:05 +0530] "GET /myProject/show HTTP/1.1" 405 751
0:0:0:0:0:0:0:1 - - [02/Mar/2025:22:21:08 +0530] "GET /myProject/show HTTP/1.1" 405 751
0:0:0:0:0:0:0:1 - - [02/Mar/2025:22:23:32 +0530] "GET /myProject/NewFile.html HTTP/1.1" 200 451
0:0:0:0:0:0:0:1 - - [02/Mar/2025:22:23:56 +0530] "POST /myProject/show HTTP/1.1" 200 -
0:0:0:0:0:0:0:1 - - [02/Mar/2025:22:25:11 +0530] "POST /myProject/show HTTP/1.1" 200 -
0:0:0:0:0:0:0:1 - - [02/Mar/2025:22:25:18 +0530] "GET /myProject/NewFile.html HTTP/1.1" 304 -
0:0:0:0:0:0:0:1 - - [02/Mar/2025:22:25:26 +0530] "POST /myProject/show HTTP/1.1" 200 -
127.0.0.1 - - [02/Mar/2025:22:25:53 +0530] "GET / HTTP/1.1" 404 751
0:0:0:0:0:0:0:1 - - [02/Mar/2025:22:25:54 +0530] "GET /myProject/show HTTP/1.1" 405 751
0:0:0:0:0:0:0:1 - - [02/Mar/2025:22:26:00 +0530] "GET /myProject/NewFile.html HTTP/1.1" 304 -
0:0:0:0:0:0:0:1 - - [02/Mar/2025:22:26:07 +0530] "POST /myProject/show HTTP/1.1" 200 96
127.0.0.1 - - [02/Mar/2025:22:37:18 +0530] "GET / HTTP/1.1" 404 751
0:0:0:0:0:0:0:1 - - [02/Mar/2025:22:37:19 +0530] "GET /myProject/show HTTP/1.1" 405 751
0:0:0:0:0:0:0:1 - - [02/Mar/2025:22:37:26 +0530] "GET /myProject/NewFile.html HTTP/1.1" 304 -
0:0:0:0:0:0:0:1 - - [02/Mar/2025:22:37:36 +0530] "POST /myProject/show HTTP/1.1" 302 -
0:0:0:0:0:0:0:1 - - [02/Mar/2025:22:37:36 +0530] "GET /myProject/NewFile HTTP/1.1" 404 772
0:0:0:0:0:0:0:1 - - [02/Mar/2025:22:37:44 +0530] "GET /myProject/NewFile HTTP/1.1" 404 772
0:0:0:0:0:0:0:1 - - [02/Mar/2025:22:37:45 +0530] "GET /myProject/NewFile HTTP/1.1" 404 772
127.0.0.1 - - [02/Mar/2025:22:38:29 +0530] "GET / HTTP/1.1" 404 751
0:0:0:0:0:0:0:1 - - [02/Mar/2025:22:38:46 +0530] "GET /myProject/NewFile.html HTTP/1.1" 304 -
0:0:0:0:0:0:0:1 - - [02/Mar/2025:22:39:17 +0530] "POST /myProject/show HTTP/1.1" 200 106
127.0.0.1 - - [02/Mar/2025:22:58:14 +0530] "GET / HTTP/1.1" 404 751
0:0:0:0:0:0:0:1 - - [02/Mar/2025:22:58:15 +0530] "GET /myProject/NewFile.html HTTP/1.1" 304 -
0:0:0:0:0:0:0:1 - - [02/Mar/2025:22:58:15 +0530] "GET /favicon.ico HTTP/1.1" 404 762
0:0:0:0:0:0:0:1 - - [02/Mar/2025:22:58:49 +0530] "POST /myProject/show HTTP/1.1" 200 98
